// Jest Snapshot v1, https://goo.gl/fbAQLP

exports[`The kms key stack matches the snapshot 1`] = `
{
  "Metadata": {
    "gu:cdk:constructs": [],
    "gu:cdk:version": "TEST",
  },
  "Outputs": {
    "AmigoImageCopierKey": {
      "Description": "Amigo image copier key arn",
      "Export": {
        "Name": "amigo-imagecopier-key",
      },
      "Value": {
        "Fn::GetAtt": [
          "KmsKey",
          "Arn",
        ],
      },
    },
  },
  "Resources": {
    "KmsKey": {
      "DeletionPolicy": "Retain",
      "Properties": {
        "EnableKeyRotation": true,
        "KeyPolicy": {
          "Statement": [
            {
              "Action": "kms:*",
              "Effect": "Allow",
              "Principal": {
                "AWS": {
                  "Fn::Join": [
                    "",
                    [
                      "arn:aws:iam::",
                      {
                        "Ref": "AWS::AccountId",
                      },
                      ":root",
                    ],
                  ],
                },
              },
              "Resource": "*",
              "Sid": "Enable IAM User Permissions",
            },
            {
              "Action": [
                "kms:Encrypt",
                "kms:Decrypt",
                "kms:ReEncrypt*",
                "kms:GenerateDataKey*",
                "kms:DescribeKey",
                "kms:CreateGrant",
              ],
              "Effect": "Allow",
              "Principal": {
                "AWS": {
                  "Fn::Join": [
                    "",
                    [
                      "arn:aws:iam::",
                      {
                        "Ref": "AWS::AccountId",
                      },
                      ":role/aws-service-role/autoscaling.amazonaws.com/AWSServiceRoleForAutoScaling",
                    ],
                  ],
                },
              },
              "Resource": "*",
              "Sid": "Allow use of the key",
            },
            {
              "Action": "kms:CreateGrant",
              "Condition": {
                "Bool": {
                  "kms:GrantIsForAWSResource": true,
                },
              },
              "Effect": "Allow",
              "Principal": {
                "AWS": {
                  "Fn::Join": [
                    "",
                    [
                      "arn:aws:iam::",
                      {
                        "Ref": "AWS::AccountId",
                      },
                      ":role/aws-service-role/autoscaling.amazonaws.com/AWSServiceRoleForAutoScaling",
                    ],
                  ],
                },
              },
              "Resource": "*",
              "Sid": "Allow attachment of persistent resources",
            },
          ],
          "Version": "2012-10-17",
        },
        "Tags": [
          {
            "Key": "gu:cdk:version",
            "Value": "TEST",
          },
          {
            "Key": "gu:repo",
            "Value": "guardian/amigo",
          },
          {
            "Key": "Stack",
            "Value": "cdk",
          },
          {
            "Key": "Stage",
            "Value": "TEST",
          },
        ],
      },
      "Type": "AWS::KMS::Key",
      "UpdateReplacePolicy": "Retain",
    },
  },
}
`;
