// Jest Snapshot v1, https://goo.gl/fbAQLP

exports[`the lambda stack matches the snapshot 1`] = `
{
  "Metadata": {
    "gu:cdk:constructs": [],
    "gu:cdk:version": "TEST",
  },
  "Parameters": {
    "AmigoHousekeepingTopicArn": {
      "Description": "The housekeeping SNS topic to subscribe to",
      "Type": "String",
    },
    "AmigoTopicArn": {
      "Description": "The SNS topic to subscribe to",
      "Type": "String",
    },
    "KmsKeyArn": {
      "Default": "",
      "Description": "Override the default KMS key if required",
      "Type": "String",
    },
  },
  "Resources": {
    "HousekeepingLambda": {
      "DependsOn": [
        "HousekeepingLambdaServiceRoleDefaultPolicy003C9832",
        "HousekeepingLambdaServiceRole70148A54",
      ],
      "Properties": {
        "Code": {
          "S3Bucket": "deploy-tools-dist",
          "S3Key": "cdk/TEST/imagecopier/image-copier-v3.zip",
        },
        "Description": "Lambda for housekeeping AMIgo baked AMIs in other accounts",
        "Environment": {
          "Variables": {
            "ACCOUNT_ID": {
              "Ref": "AWS::AccountId",
            },
            "ENCRYPTED_TAG_VALUE": "true",
            "KMS_KEY_ARN": {
              "Fn::ImportValue": "amigo-imagecopier-key",
            },
          },
        },
        "Handler": "com.gu.imageCopier.LambdaEntrypoint::housekeeping",
        "MemorySize": 512,
        "Role": {
          "Fn::GetAtt": [
            "HousekeepingLambdaServiceRole70148A54",
            "Arn",
          ],
        },
        "Runtime": "java11",
        "Tags": [
          {
            "Key": "gu:cdk:version",
            "Value": "TEST",
          },
          {
            "Key": "gu:repo",
            "Value": "guardian/amigo",
          },
          {
            "Key": "Stack",
            "Value": "cdk",
          },
          {
            "Key": "Stage",
            "Value": "TEST",
          },
        ],
        "Timeout": 30,
      },
      "Type": "AWS::Lambda::Function",
    },
    "HousekeepingLambdaAllowInvokeIntegrationTestHousekeepingLambdaSnsExistingIncomingEventsTopic1B0CC4879A69C8A5": {
      "Properties": {
        "Action": "lambda:InvokeFunction",
        "FunctionName": {
          "Fn::GetAtt": [
            "HousekeepingLambda",
            "Arn",
          ],
        },
        "Principal": "sns.amazonaws.com",
        "SourceArn": {
          "Ref": "AmigoHousekeepingTopicArn",
        },
      },
      "Type": "AWS::Lambda::Permission",
    },
    "HousekeepingLambdaHousekeepingLambdaSnsExistingIncomingEventsTopicDFF8A27F": {
      "Properties": {
        "Endpoint": {
          "Fn::GetAtt": [
            "HousekeepingLambda",
            "Arn",
          ],
        },
        "Protocol": "lambda",
        "Region": {
          "Fn::Select": [
            3,
            {
              "Fn::Split": [
                ":",
                {
                  "Ref": "AmigoHousekeepingTopicArn",
                },
              ],
            },
          ],
        },
        "TopicArn": {
          "Ref": "AmigoHousekeepingTopicArn",
        },
      },
      "Type": "AWS::SNS::Subscription",
    },
    "HousekeepingLambdaServiceRole70148A54": {
      "Properties": {
        "AssumeRolePolicyDocument": {
          "Statement": [
            {
              "Action": "sts:AssumeRole",
              "Effect": "Allow",
              "Principal": {
                "Service": "lambda.amazonaws.com",
              },
            },
          ],
          "Version": "2012-10-17",
        },
        "ManagedPolicyArns": [
          {
            "Fn::Join": [
              "",
              [
                "arn:",
                {
                  "Ref": "AWS::Partition",
                },
                ":iam::aws:policy/service-role/AWSLambdaBasicExecutionRole",
              ],
            ],
          },
        ],
        "Tags": [
          {
            "Key": "gu:cdk:version",
            "Value": "TEST",
          },
          {
            "Key": "gu:repo",
            "Value": "guardian/amigo",
          },
          {
            "Key": "Stack",
            "Value": "cdk",
          },
          {
            "Key": "Stage",
            "Value": "TEST",
          },
        ],
      },
      "Type": "AWS::IAM::Role",
    },
    "HousekeepingLambdaServiceRoleDefaultPolicy003C9832": {
      "Properties": {
        "PolicyDocument": {
          "Statement": [
            {
              "Action": [
                "logs:CreateLogGroup",
                "logs:CreateLogStream",
                "logs:PutLogEvents",
              ],
              "Effect": "Allow",
              "Resource": "arn:aws:logs:*:*:*",
            },
            {
              "Action": [
                "ec2:DescribeImages",
                "ec2:DeregisterImage",
                "ec2:DeleteSnapshot",
              ],
              "Effect": "Allow",
              "Resource": "*",
            },
          ],
          "Version": "2012-10-17",
        },
        "PolicyName": "HousekeepingLambdaServiceRoleDefaultPolicy003C9832",
        "Roles": [
          {
            "Ref": "HousekeepingLambdaServiceRole70148A54",
          },
        ],
      },
      "Type": "AWS::IAM::Policy",
    },
    "ImageCopierLambda": {
      "DependsOn": [
        "ImageCopierLambdaServiceRoleDefaultPolicy82F190E9",
        "ImageCopierLambdaServiceRole77B845A3",
      ],
      "Properties": {
        "Code": {
          "S3Bucket": "deploy-tools-dist",
          "S3Key": "cdk/TEST/imagecopier/image-copier-v3.zip",
        },
        "Description": "Lambda for copying and encrypting AMIgo baked AMIs",
        "Environment": {
          "Variables": {
            "ACCOUNT_ID": {
              "Ref": "AWS::AccountId",
            },
            "ENCRYPTED_TAG_VALUE": "true",
            "KMS_KEY_ARN": {
              "Fn::ImportValue": "amigo-imagecopier-key",
            },
          },
        },
        "Handler": "com.gu.imageCopier.LambdaEntrypoint::run",
        "MemorySize": 512,
        "Role": {
          "Fn::GetAtt": [
            "ImageCopierLambdaServiceRole77B845A3",
            "Arn",
          ],
        },
        "Runtime": "java21",
        "Tags": [
          {
            "Key": "gu:cdk:version",
            "Value": "TEST",
          },
          {
            "Key": "gu:repo",
            "Value": "guardian/amigo",
          },
          {
            "Key": "Stack",
            "Value": "cdk",
          },
          {
            "Key": "Stage",
            "Value": "TEST",
          },
        ],
        "Timeout": 30,
      },
      "Type": "AWS::Lambda::Function",
    },
    "ImageCopierLambdaAllowInvokeIntegrationTestImageCopierLambdaSnsExistingIncomingEventsTopicD22ACB92E3D10371": {
      "Properties": {
        "Action": "lambda:InvokeFunction",
        "FunctionName": {
          "Fn::GetAtt": [
            "ImageCopierLambda",
            "Arn",
          ],
        },
        "Principal": "sns.amazonaws.com",
        "SourceArn": {
          "Ref": "AmigoTopicArn",
        },
      },
      "Type": "AWS::Lambda::Permission",
    },
    "ImageCopierLambdaImageCopierLambdaSnsExistingIncomingEventsTopicB31F3C6C": {
      "Properties": {
        "Endpoint": {
          "Fn::GetAtt": [
            "ImageCopierLambda",
            "Arn",
          ],
        },
        "Protocol": "lambda",
        "Region": {
          "Fn::Select": [
            3,
            {
              "Fn::Split": [
                ":",
                {
                  "Ref": "AmigoTopicArn",
                },
              ],
            },
          ],
        },
        "TopicArn": {
          "Ref": "AmigoTopicArn",
        },
      },
      "Type": "AWS::SNS::Subscription",
    },
    "ImageCopierLambdaServiceRole77B845A3": {
      "Properties": {
        "AssumeRolePolicyDocument": {
          "Statement": [
            {
              "Action": "sts:AssumeRole",
              "Effect": "Allow",
              "Principal": {
                "Service": "lambda.amazonaws.com",
              },
            },
          ],
          "Version": "2012-10-17",
        },
        "ManagedPolicyArns": [
          {
            "Fn::Join": [
              "",
              [
                "arn:",
                {
                  "Ref": "AWS::Partition",
                },
                ":iam::aws:policy/service-role/AWSLambdaBasicExecutionRole",
              ],
            ],
          },
        ],
        "Tags": [
          {
            "Key": "gu:cdk:version",
            "Value": "TEST",
          },
          {
            "Key": "gu:repo",
            "Value": "guardian/amigo",
          },
          {
            "Key": "Stack",
            "Value": "cdk",
          },
          {
            "Key": "Stage",
            "Value": "TEST",
          },
        ],
      },
      "Type": "AWS::IAM::Role",
    },
    "ImageCopierLambdaServiceRoleDefaultPolicy82F190E9": {
      "Properties": {
        "PolicyDocument": {
          "Statement": [
            {
              "Action": [
                "logs:CreateLogGroup",
                "logs:CreateLogStream",
                "logs:PutLogEvents",
              ],
              "Effect": "Allow",
              "Resource": "arn:aws:logs:*:*:*",
            },
            {
              "Action": [
                "ec2:CopyImage",
                "ec2:CreateTags",
              ],
              "Effect": "Allow",
              "Resource": "*",
            },
            {
              "Action": [
                "kms:Encrypt",
                "kms:Decrypt",
                "kms:CreateGrant",
                "kms:GenerateDataKey*",
                "kms:DescribeKey",
              ],
              "Effect": "Allow",
              "Resource": {
                "Fn::ImportValue": "amigo-imagecopier-key",
              },
            },
          ],
          "Version": "2012-10-17",
        },
        "PolicyName": "ImageCopierLambdaServiceRoleDefaultPolicy82F190E9",
        "Roles": [
          {
            "Ref": "ImageCopierLambdaServiceRole77B845A3",
          },
        ],
      },
      "Type": "AWS::IAM::Policy",
    },
  },
}
`;
